  q   seed arm                  C1   C2   C3   C4   C5  first_diff_export  csv_rows_same
 50  10501 A_peak35             ok   ok   ok   ok   --                 25               
 50  10501 A_peak40             ok   ok   ok   ok   --                 25               
 50  10501 A_peak50_late400     ok   ok   ok   ok   ok               1225      1200/1200
 50  10501 A_peak50_late800     ok   ok   ok   ok   ok                825        800/800
 50  10502 A_peak35             ok   ok   ok   ok   --                 25               
 50  10502 A_peak40             ok   ok   ok   ok   --                 25               
 50  10502 A_peak50_late400     ok   ok   ok   ok   ok               1225      1200/1200
 50  10502 A_peak50_late800     ok   ok   ok   ok   ok                825        800/800
 50  10503 A_peak35             ok   ok   ok   ok   --                 25               
 50  10503 A_peak40             ok   ok   ok   ok   --                 25               
 50  10503 A_peak50_late400     ok   ok   ok   ok   ok               1225      1200/1200
 50  10503 A_peak50_late800     ok   ok   ok   ok   ok                825        800/800
 50  10504 A_peak35             ok   ok   ok   ok   --                 25               
 50  10504 A_peak40             ok   ok   ok   ok   --                 25               
 50  10504 A_peak50_late400     ok   ok   ok   ok   ok               1225      1200/1200
 50  10504 A_peak50_late800     ok   ok   ok   ok   ok                825        800/800
 50  10505 A_peak35             ok   ok   ok   ok   --                 25               
 50  10505 A_peak40             ok   ok   ok   ok   --                 25               
 50  10505 A_peak50_late400     ok   ok   ok   ok   ok               1225      1200/1200
 50  10505 A_peak50_late800     ok   ok   ok   ok   ok                825        800/800
 50  10506 A_peak35             ok   ok   ok   ok   --                 25               
 50  10506 A_peak40             ok   ok   ok   ok   --                 25               
 50  10506 A_peak50_late400     ok   ok   ok   ok   ok               1225      1200/1200
 50  10506 A_peak50_late800     ok   ok   ok   ok   ok                825        800/800
 50  10507 A_peak35             ok   ok   ok   ok   --                 25               
 50  10507 A_peak40             ok   ok   ok   ok   --                 25               
 50  10507 A_peak50_late400     ok   ok   ok   ok   ok               1225      1200/1200
 50  10507 A_peak50_late800     ok   ok   ok   ok   ok                825        800/800
 50  10508 A_peak35             ok   ok   ok   ok   --                 25               
 50  10508 A_peak40             ok   ok   ok   ok   --                 25               
 50  10508 A_peak50_late400     ok   ok   ok   ok   ok               1225      1200/1200
 50  10508 A_peak50_late800     ok   ok   ok   ok   ok                825        800/800
 50  10509 A_peak35             ok   ok   ok   ok   --                 25               
 50  10509 A_peak40             ok   ok   ok   ok   --                 25               
 50  10509 A_peak50_late400     ok   ok   ok   ok   ok               1225      1200/1200
 50  10509 A_peak50_late800     ok   ok   ok   ok   ok                825        800/800
 50  10510 A_peak35             ok   ok   ok   ok   --                 25               
 50  10510 A_peak40             ok   ok   ok   ok   --                 25               
 50  10510 A_peak50_late400     ok   ok   ok   ok   ok               1225      1200/1200
 50  10510 A_peak50_late800     ok   ok   ok   ok   ok                825        800/800
 60  10501 A_peak35             ok   ok   ok   ok   --                 25               
 60  10501 A_peak40             ok   ok   ok   ok   --                 25               
 60  10501 A_peak50_late400     ok   ok   ok   ok   ok               1225      1200/1200
 60  10501 A_peak50_late800     ok   ok   ok   ok   ok                825        800/800
 60  10502 A_peak35             ok   ok   ok   ok   --                 25               
 60  10502 A_peak40             ok   ok   ok   ok   --                 25               
 60  10502 A_peak50_late400     ok   ok   ok   ok   ok               1225      1200/1200
 60  10502 A_peak50_late800     ok   ok   ok   ok   ok                825        800/800
 60  10503 A_peak35             ok   ok   ok   ok   --                 25               
 60  10503 A_peak40             ok   ok   ok   ok   --                 25               
 60  10503 A_peak50_late400     ok   ok   ok   ok   ok               1225      1200/1200
 60  10503 A_peak50_late800     ok   ok   ok   ok   ok                825        800/800
 60  10504 A_peak35             ok   ok   ok   ok   --                 25               
 60  10504 A_peak40             ok   ok   ok   ok   --                 25               
 60  10504 A_peak50_late400     ok   ok   ok   ok   ok               1225      1200/1200
 60  10504 A_peak50_late800     ok   ok   ok   ok   ok                825        800/800
 60  10505 A_peak35             ok   ok   ok   ok   --                 25               
 60  10505 A_peak40             ok   ok   ok   ok   --                 25               
 60  10505 A_peak50_late400     ok   ok   ok   ok   ok               1225      1200/1200
 60  10505 A_peak50_late800     ok   ok   ok   ok   ok                825        800/800
 60  10506 A_peak35             ok   ok   ok   ok   --                 25               
 60  10506 A_peak40             ok   ok   ok   ok   --                 25               
 60  10506 A_peak50_late400     ok   ok   ok   ok   ok               1225      1200/1200
 60  10506 A_peak50_late800     ok   ok   ok   ok   ok                825        800/800
 60  10507 A_peak35             ok   ok   ok   ok   --                 25               
 60  10507 A_peak40             ok   ok   ok   ok   --                 25               
 60  10507 A_peak50_late400     ok   ok   ok   ok   ok               1225      1200/1200
 60  10507 A_peak50_late800     ok   ok   ok   ok   ok                825        800/800
 60  10508 A_peak35             ok   ok   ok   ok   --                 25               
 60  10508 A_peak40             ok   ok   ok   ok   --                 25               
 60  10508 A_peak50_late400     ok   ok   ok   ok   ok               1225      1200/1200
 60  10508 A_peak50_late800     ok   ok   ok   ok   ok                825        800/800
 60  10509 A_peak35             ok   ok   ok   ok   --                 25               
 60  10509 A_peak40             ok   ok   ok   ok   --                 25               
 60  10509 A_peak50_late400     ok   ok   ok   ok   ok               1225      1200/1200
 60  10509 A_peak50_late800     ok   ok   ok   ok   ok                825        800/800
 60  10510 A_peak35             ok   ok   ok   ok   --                 25               
 60  10510 A_peak40             ok   ok   ok   ok   --                 25               
 60  10510 A_peak50_late400     ok   ok   ok   ok   ok               1225      1200/1200
 60  10510 A_peak50_late800     ok   ok   ok   ok   ok                825        800/800
launch checks: 80/80 runs pass; per check C1 80/80, C2 80/80, C3 80/80, C4 80/80, C5 40/40; all_pass=True
