140 cell(s), 40 worker(s); manifest results/ms_r3/supervised_screen/run_manifest.json
[1/140] t10_bb_q50_seed10503  step 56000  deficit 0.5483  rmse_pos 0.0618  wall 149.2s
[2/140] relu_bb_q50_seed10502  step 56000  deficit 0.1018  rmse_pos 0.0299  wall 153.1s
[3/140] t1_st_q50_seed10501  step 56000  deficit 0.8474  rmse_pos 0.2458  wall 153.8s
[4/140] t1_bb_q50_seed10501  step 56000  deficit 3.1485  rmse_pos 1.1527  wall 159.7s
[5/140] relu_st_q50_seed10501  step 56000  deficit 0.0389  rmse_pos 0.0471  wall 165.2s
[6/140] t1_bb_q50_seed10502  step 56000  deficit 1.0645  rmse_pos 0.1192  wall 165.3s
[7/140] t1_bb_q50_seed10504  step 56000  deficit 1.2610  rmse_pos 0.1663  wall 165.5s
[8/140] t1_st_q50_seed10503  step 56000  deficit 1.5527  rmse_pos 0.9439  wall 165.7s
[9/140] t1_st_q50_seed10502  step 56000  deficit 0.6581  rmse_pos 0.0779  wall 167.0s
[10/140] t10_bb_q50_seed10502  step 56000  deficit 0.4901  rmse_pos 0.0548  wall 167.0s
[11/140] t10_bb_q50_seed10501  step 56000  deficit 0.4680  rmse_pos 0.0658  wall 167.5s
[12/140] t1_bb_q50_seed10503  step 56000  deficit 8.5902  rmse_pos 2.6915  wall 167.5s
[13/140] relu_st_q50_seed10503  step 56000  deficit 0.0807  rmse_pos 0.0391  wall 168.1s
[14/140] relu_st_q50_seed10502  step 56000  deficit 0.0326  rmse_pos 0.0398  wall 168.7s
[15/140] t10_st_q50_seed10502  step 56000  deficit 0.4482  rmse_pos 0.0790  wall 171.0s
[16/140] relu_bb_q50_seed10501  step 56000  deficit 0.0912  rmse_pos 0.0273  wall 171.6s
[17/140] t10_st_q50_seed10503  step 56000  deficit 0.4539  rmse_pos 0.0668  wall 171.6s
[18/140] t1_st_q50_seed10504  step 56000  deficit 0.6799  rmse_pos 0.1077  wall 172.9s
[19/140] t10_st_q50_seed10501  step 56000  deficit 0.4585  rmse_pos 0.0737  wall 173.9s
[20/140] relu_bb_q50_seed10503  step 56000  deficit 0.4923  rmse_pos 0.0798  wall 177.6s
[21/140] relu_st_q50_seed10504  step 56000  deficit 0.4013  rmse_pos 0.1054  wall 150.4s
[22/140] t10_st_q50_seed10504  step 56000  deficit 0.3693  rmse_pos 0.0755  wall 148.0s
[23/140] relu_st_q50_seed10505  step 56000  deficit 0.0808  rmse_pos 0.0316  wall 144.2s
[24/140] relu_bb_q50_seed10504  step 56000  deficit 0.4888  rmse_pos 0.0797  wall 163.1s
[25/140] t1_st_q50_seed10505  step 56000  deficit 0.6967  rmse_pos 0.0879  wall 148.2s
[26/140] t1_bb_q50_seed10505  step 56000  deficit 0.8730  rmse_pos 0.0933  wall 155.4s
[27/140] t10_bb_q50_seed10504  step 56000  deficit 0.6951  rmse_pos 0.0777  wall 166.7s
[28/140] t1_bb_q50_seed10507  step 56000  deficit 3.3235  rmse_pos 1.2056  wall 150.1s
[29/140] t10_bb_q50_seed10505  step 56000  deficit 0.4981  rmse_pos 0.0718  wall 155.8s
[30/140] relu_bb_q50_seed10506  step 56000  deficit 0.4766  rmse_pos 0.0814  wall 155.5s
[31/140] t10_st_q50_seed10505  step 56000  deficit 0.4326  rmse_pos 0.0620  wall 157.0s
[32/140] relu_bb_q50_seed10505  step 56000  deficit 0.1034  rmse_pos 0.0316  wall 160.5s
[33/140] t10_bb_q50_seed10506  step 56000  deficit 0.5075  rmse_pos 0.0639  wall 158.1s
[34/140] relu_st_q50_seed10506  step 56000  deficit 0.4034  rmse_pos 0.1122  wall 161.7s
[35/140] t1_st_q50_seed10506  step 56000  deficit 1.6103  rmse_pos 0.4092  wall 163.6s
[36/140] relu_bb_q50_seed10507  step 56000  deficit 0.4932  rmse_pos 0.0791  wall 158.7s
[37/140] t10_st_q50_seed10506  step 56000  deficit 0.4078  rmse_pos 0.0609  wall 161.8s
[38/140] t1_st_q50_seed10507  step 56000  deficit 0.6858  rmse_pos 0.0991  wall 167.1s
[39/140] t1_bb_q50_seed10506  step 56000  deficit 1.0370  rmse_pos 0.1178  wall 172.8s
[40/140] relu_st_q50_seed10507  step 56000  deficit 0.0306  rmse_pos 0.0362  wall 166.5s
[41/140] t10_bb_q50_seed10507  step 56000  deficit 0.6152  rmse_pos 0.0647  wall 142.8s
[42/140] t1_bb_q50_seed10508  step 56000  deficit 0.8468  rmse_pos 0.0888  wall 146.7s
[43/140] t10_st_q50_seed10507  step 56000  deficit 0.5527  rmse_pos 0.0852  wall 156.5s
[44/140] t1_st_q50_seed10510  step 56000  deficit 1.1932  rmse_pos 0.3674  wall 133.2s
[45/140] relu_bb_q50_seed10509  step 56000  deficit 0.4933  rmse_pos 0.0781  wall 146.0s
[46/140] t1_st_q50_seed10509  step 56000  deficit 0.7281  rmse_pos 0.0995  wall 147.0s
[47/140] relu_bb_q50_seed10508  step 56000  deficit 0.1002  rmse_pos 0.0307  wall 160.2s
[48/140] relu_bb_q50_seed10510  step 56000  deficit 0.5140  rmse_pos 0.0813  wall 141.3s
[49/140] t1_st_q50_seed10508  step 56000  deficit 0.6238  rmse_pos 0.0882  wall 164.3s
[50/140] t1_bb_q50_seed10509  step 56000  deficit 2.0251  rmse_pos 0.3463  wall 157.3s
[51/140] t10_bb_q50_seed10509  step 56000  deficit 0.5975  rmse_pos 0.0622  wall 152.1s
[52/140] t10_bb_q50_seed10508  step 56000  deficit 0.3701  rmse_pos 0.0441  wall 162.3s
[53/140] t1_bb_q50_seed10510  step 56000  deficit 8.5240  rmse_pos 2.6680  wall 153.2s
[54/140] t10_st_q50_seed10508  step 56000  deficit 0.4249  rmse_pos 0.0765  wall 168.1s
[55/140] relu_st_q50_seed10508  step 56000  deficit 0.4202  rmse_pos 0.1086  wall 170.6s
[56/140] t10_st_q50_seed10509  step 56000  deficit 0.3934  rmse_pos 0.0640  wall 162.1s
[57/140] t10_bb_q50_seed10510  step 56000  deficit 0.5690  rmse_pos 0.0659  wall 156.6s
[58/140] relu_st_q50_seed10510  step 56000  deficit 0.0818  rmse_pos 0.0369  wall 160.1s
[59/140] relu_st_q50_seed10509  step 56000  deficit 0.0293  rmse_pos 0.0292  wall 174.1s
[60/140] t10_st_q50_seed10510  step 56000  deficit 0.4420  rmse_pos 0.0724  wall 159.6s
[61/140] t1_bb_q60_seed10501_ext  step 224000  deficit 0.8311  rmse_pos 0.1160  wall 587.9s
[62/140] t1_bb_q60_seed10502_ext  step 224000  deficit 1.0218  rmse_pos 0.1932  wall 588.3s
[63/140] t1_bb_q60_seed10510_ext  step 224000  deficit 1.0383  rmse_pos 0.1351  wall 595.7s
[64/140] t1_bb_q60_seed10503_ext  step 224000  deficit 1.4115  rmse_pos 0.2173  wall 599.7s
[65/140] t1_bb_q50_seed10501_ext  step 224000  deficit 1.4336  rmse_pos 0.3366  wall 604.4s
[66/140] t1_bb_q60_seed10504_ext  step 224000  deficit 0.9898  rmse_pos 0.1239  wall 604.6s
[67/140] t1_bb_q50_seed10505_ext  step 224000  deficit 0.5784  rmse_pos 0.0478  wall 608.6s
[68/140] t1_bb_q60_seed10505_ext  step 224000  deficit 0.9027  rmse_pos 0.1402  wall 608.2s
[69/140] t1_bb_q60_seed10506_ext  step 224000  deficit 0.7918  rmse_pos 0.0871  wall 608.4s
[70/140] t1_bb_q50_seed10504_ext  step 224000  deficit 0.7070  rmse_pos 0.0779  wall 609.4s
[71/140] t1_bb_q60_seed10509_ext  step 224000  deficit 0.4785  rmse_pos 0.0492  wall 611.1s
[72/140] t1_bb_q50_seed10509_ext  step 224000  deficit 0.5300  rmse_pos 0.0811  wall 612.6s
[73/140] t1_bb_q60_seed10501  step 56000  deficit 1.9935  rmse_pos 0.4700  wall 155.6s
[74/140] t1_bb_q50_seed10502_ext  step 224000  deficit 0.5758  rmse_pos 0.0607  wall 618.5s
[75/140] t1_bb_q50_seed10508_ext  step 224000  deficit 0.5085  rmse_pos 0.0434  wall 625.5s
[76/140] t1_bb_q50_seed10507_ext  step 224000  deficit 1.4315  rmse_pos 0.2612  wall 632.5s
[77/140] t1_bb_q50_seed10510_ext  step 224000  deficit 1.6650  rmse_pos 0.3655  wall 634.1s
[78/140] t10_bb_q60_seed10501  step 56000  deficit 0.5176  rmse_pos 0.0665  wall 153.7s
[79/140] t1_st_q60_seed10501  step 56000  deficit 0.6354  rmse_pos 0.1255  wall 168.5s
[80/140] t1_bb_q60_seed10507_ext  step 224000  deficit 0.8223  rmse_pos 0.1005  wall 640.8s
[81/140] t10_st_q60_seed10501  step 56000  deficit 0.3159  rmse_pos 0.0663  wall 158.5s
[82/140] t1_bb_q50_seed10503_ext  step 224000  deficit 1.1996  rmse_pos 0.2014  wall 643.5s
[83/140] relu_bb_q60_seed10502  step 56000  deficit 0.0284  rmse_pos 0.0223  wall 155.3s
[84/140] relu_st_q60_seed10501  step 56000  deficit 0.0310  rmse_pos 0.0232  wall 167.6s
[85/140] t1_bb_q60_seed10508_ext  step 224000  deficit 0.7763  rmse_pos 0.0850  wall 644.9s
[86/140] t1_st_q60_seed10502  step 56000  deficit 1.2196  rmse_pos 0.3890  wall 158.1s
[87/140] t10_st_q60_seed10502  step 56000  deficit 0.3202  rmse_pos 0.0448  wall 150.7s
[88/140] relu_bb_q60_seed10501  step 56000  deficit 0.0383  rmse_pos 0.0161  wall 172.0s
[89/140] relu_st_q60_seed10502  step 56000  deficit 0.0133  rmse_pos 0.0203  wall 158.6s
[90/140] t10_bb_q60_seed10502  step 56000  deficit 0.4051  rmse_pos 0.0525  wall 158.1s
[91/140] t1_bb_q60_seed10502  step 56000  deficit 6.1760  rmse_pos 2.1197  wall 167.8s
[92/140] t1_bb_q60_seed10503  step 56000  deficit 6.5312  rmse_pos 2.1000  wall 157.3s
[93/140] t1_bb_q50_seed10506_ext  step 224000  deficit 0.6008  rmse_pos 0.0528  wall 656.6s
[94/140] t1_st_q60_seed10503  step 56000  deficit 1.2085  rmse_pos 0.4020  wall 162.0s
[95/140] relu_bb_q60_seed10503  step 56000  deficit 0.0383  rmse_pos 0.0233  wall 164.2s
[96/140] t1_st_q60_seed10504  step 56000  deficit 1.3267  rmse_pos 0.3768  wall 152.0s
[97/140] t10_st_q60_seed10503  step 56000  deficit 0.3772  rmse_pos 0.0525  wall 157.8s
[98/140] relu_st_q60_seed10503  step 56000  deficit 0.0209  rmse_pos 0.0239  wall 166.2s
[99/140] t1_bb_q60_seed10504  step 56000  deficit 1.6329  rmse_pos 0.4288  wall 160.8s
[100/140] t10_bb_q60_seed10503  step 56000  deficit 0.5196  rmse_pos 0.0585  wall 166.8s
[101/140] relu_st_q60_seed10504  step 56000  deficit 0.0302  rmse_pos 0.0195  wall 147.2s
[102/140] t10_st_q60_seed10504  step 56000  deficit 0.3024  rmse_pos 0.0504  wall 146.6s
[103/140] relu_bb_q60_seed10504  step 56000  deficit 0.0334  rmse_pos 0.0201  wall 161.9s
[104/140] t10_bb_q60_seed10504  step 56000  deficit 0.5686  rmse_pos 0.0666  wall 154.8s
[105/140] t1_bb_q60_seed10505  step 56000  deficit 6.7387  rmse_pos 2.1074  wall 148.7s
[106/140] t10_bb_q60_seed10505  step 56000  deficit 0.5108  rmse_pos 0.0496  wall 146.3s
[107/140] relu_st_q60_seed10506  step 56000  deficit 0.0110  rmse_pos 0.0158  wall 142.7s
[108/140] t10_st_q60_seed10505  step 56000  deficit 0.4453  rmse_pos 0.0716  wall 158.3s
[109/140] relu_bb_q60_seed10505  step 56000  deficit 0.0319  rmse_pos 0.0179  wall 159.8s
[110/140] t1_bb_q60_seed10506  step 56000  deficit 6.5379  rmse_pos 2.1074  wall 160.4s
[111/140] relu_st_q60_seed10505  step 56000  deficit 0.0122  rmse_pos 0.0225  wall 163.7s
[112/140] relu_bb_q60_seed10506  step 56000  deficit 0.0217  rmse_pos 0.0138  wall 157.0s
[113/140] t1_st_q60_seed10506  step 56000  deficit 0.5939  rmse_pos 0.1142  wall 168.0s
[114/140] t10_st_q60_seed10506  step 56000  deficit 0.3200  rmse_pos 0.0443  wall 150.0s
[115/140] t1_st_q60_seed10508  step 56000  deficit 1.1293  rmse_pos 0.5613  wall 137.8s
[116/140] t1_st_q60_seed10505  step 56000  deficit 1.3575  rmse_pos 0.3620  wall 177.1s
[117/140] t1_st_q60_seed10507  step 56000  deficit 1.2439  rmse_pos 0.3507  wall 145.9s
[118/140] t1_bb_q60_seed10507  step 56000  deficit 6.4649  rmse_pos 2.0977  wall 149.7s
[119/140] t10_bb_q60_seed10506  step 56000  deficit 0.4909  rmse_pos 0.0622  wall 161.7s
[120/140] t10_st_q60_seed10508  step 56000  deficit 0.2425  rmse_pos 0.0469  wall 138.4s
[121/140] relu_st_q60_seed10507  step 56000  deficit 0.0307  rmse_pos 0.0231  wall 149.2s
[122/140] relu_st_q60_seed10508  step 56000  deficit 0.0304  rmse_pos 0.0199  wall 145.9s
[123/140] t10_bb_q60_seed10508  step 56000  deficit 0.4645  rmse_pos 0.0620  wall 146.3s
[124/140] relu_st_q60_seed10509  step 56000  deficit 0.0283  rmse_pos 0.0231  wall 141.5s
[125/140] t1_bb_q60_seed10508  step 56000  deficit 6.5421  rmse_pos 2.0991  wall 150.9s
[126/140] t10_bb_q60_seed10507  step 56000  deficit 0.4383  rmse_pos 0.0487  wall 157.2s
[127/140] t1_bb_q60_seed10509  step 56000  deficit 0.8756  rmse_pos 0.1004  wall 147.8s
[128/140] t10_st_q60_seed10507  step 56000  deficit 0.3499  rmse_pos 0.0530  wall 157.2s
[129/140] t1_bb_q60_seed10510  step 56000  deficit 1.4657  rmse_pos 0.4868  wall 133.8s
[130/140] t10_st_q60_seed10509  step 56000  deficit 0.3489  rmse_pos 0.0582  wall 135.8s
[131/140] relu_bb_q60_seed10507  step 56000  deficit 0.0258  rmse_pos 0.0180  wall 163.8s
[132/140] relu_bb_q60_seed10508  step 56000  deficit 0.0316  rmse_pos 0.0169  wall 158.1s
[133/140] relu_bb_q60_seed10509  step 56000  deficit 0.0304  rmse_pos 0.0178  wall 151.6s
[134/140] relu_st_q60_seed10510  step 56000  deficit 0.0063  rmse_pos 0.0216  wall 133.2s
[135/140] t10_bb_q60_seed10509  step 56000  deficit 0.3984  rmse_pos 0.0442  wall 151.7s
[136/140] t1_st_q60_seed10509  step 56000  deficit 0.8563  rmse_pos 0.1920  wall 157.6s
[137/140] t1_st_q60_seed10510  step 56000  deficit 0.8079  rmse_pos 0.2042  wall 144.2s
[138/140] t10_st_q60_seed10510  step 56000  deficit 0.4419  rmse_pos 0.0771  wall 137.4s
[139/140] t10_bb_q60_seed10510  step 56000  deficit 0.4448  rmse_pos 0.0581  wall 147.7s
[140/140] relu_bb_q60_seed10510  step 56000  deficit 0.0528  rmse_pos 0.0181  wall 152.3s
done: 140 ok, 0 failed, wall 831.8s
SCREEN_EXIT 0
