================================================================================================
A2 — per-seed canonical MC-BR polish (start = that seed's raw mean)
  POL = {'eta': 0.4, 'M': 150000, 'min_rounds': 999, 'max_rounds': 320, 'n_avg': 200, 'tau_e': 0.0, 'bias_correct': True}
================================================================================================
   q  seed  si polish_seed  start_raw   landing       e*  land-e* rounds   drift    sec
------------------------------------------------------------------------------------------------
  35    42   0        4000    43.3568   44.9605  45.4545  -0.4941    320  0.2214  111.5
  35    43   1        4001    42.9997   44.9533  45.4545  -0.5012    320  0.0947  115.4
  35    44   2        4002    41.9681   44.9073  45.4545  -0.5472    320  0.1730  118.1
  35    45   3        4003    45.1883   44.9684  45.4545  -0.4862    320  0.0763  118.8
  35    46   4        4004    44.3860   44.9455  45.4545  -0.5091    320  0.1552  111.6
  55    42   0        4000    29.2975   28.7780  28.9256  -0.1476    320  0.0359  112.8
  55    43   1        4001    28.7650   28.7344  28.9256  -0.1912    320  0.0706  111.9
  55    44   2        4002    30.4928   28.7436  28.9256  -0.1820    320  0.0393  111.8
  55    45   3        4003    29.3045   28.7559  28.9256  -0.1698    320  0.0606  112.6
  55    46   4        4004    30.4116   28.7755  28.9256  -0.1501    320  0.2081  112.3
------------------------------------------------------------------------------------------------
  q=35: A2 landings mean=44.9470 sd=0.0238 spread=0.0611
  q=55: A2 landings mean=28.7575 sd=0.0192 spread=0.0436

[saved] results/one_stage_ablation/a2_polish_per_seed.json
