================================================================================================
PER-SEED canonical MC-BR polish — 2P SET-2 (wh8_wl4) cells
  POL = {'eta': 0.4, 'M': 150000, 'min_rounds': 999, 'max_rounds': 320, 'n_avg': 200, 'tau_e': 0.0, 'bias_correct': True}  |  k=0.0006, w_H=8.0, w_L=4.0
================================================================================================
  two_players_set2   q35  seed42 (si0) start=[45.34 45.34] -> polished=[47.11 46.99] e*=[47.62 47.62] [121s]
  two_players_set2   q35  seed43 (si1) start=[43.4 43.4] -> polished=[47.02 47.01] e*=[47.62 47.62] [128s]
  two_players_set2   q35  seed44 (si2) start=[44.84 44.84] -> polished=[47.01 47.02] e*=[47.62 47.62] [128s]
  two_players_set2   q35  seed45 (si3) start=[45.42 45.42] -> polished=[47.09 47.09] e*=[47.62 47.62] [123s]
  two_players_set2   q35  seed46 (si4) start=[44.03 44.03] -> polished=[47.01 47.12] e*=[47.62 47.62] [125s]
  two_players_set2   q45  seed42 (si0) start=[35.07 35.07] -> polished=[36.76 36.83] e*=[37.04 37.04] [129s]
  two_players_set2   q45  seed43 (si1) start=[36.79 36.79] -> polished=[36.72 36.71] e*=[37.04 37.04] [128s]
  two_players_set2   q45  seed44 (si2) start=[36.85 36.85] -> polished=[36.74 36.66] e*=[37.04 37.04] [127s]
  two_players_set2   q45  seed45 (si3) start=[36.62 36.62] -> polished=[36.77 36.79] e*=[37.04 37.04] [128s]
  two_players_set2   q45  seed46 (si4) start=[36.96 36.96] -> polished=[36.74 36.79] e*=[37.04 37.04] [128s]
  two_players_set2   q55  seed42 (si0) start=[30.76 30.76] -> polished=[30.14 30.14] e*=[30.3 30.3] [128s]
  two_players_set2   q55  seed43 (si1) start=[32.31 32.31] -> polished=[30.13 30.1 ] e*=[30.3 30.3] [127s]
  two_players_set2   q55  seed44 (si2) start=[31.94 31.94] -> polished=[30.13 30.09] e*=[30.3 30.3] [127s]
  two_players_set2   q55  seed45 (si3) start=[30.49 30.49] -> polished=[30.08 30.12] e*=[30.3 30.3] [127s]
  two_players_set2   q55  seed46 (si4) start=[31.3 31.3] -> polished=[30.14 30.19] e*=[30.3 30.3] [128s]

================================================================================================
CROSS-SEED MEANS (Set-2)
================================================================================================
  q35: polished mean=47.0448 sd=0.0324  e*=47.6190  err_of_mean=0.5743
  q45: polished mean=36.7509 sd=0.0416  e*=37.0370  err_of_mean=0.2861
  q55: polished mean=30.1265 sd=0.0253  e*=30.3030  err_of_mean=0.1765

[wrote] results/one_stage_ablation/polish_per_seed_set2.json  (15 rows, 1903s total)
