================================================================================================
PER-SEED canonical MC-BR polish (persisted) — all one-stage cells
  POL = {'eta': 0.4, 'M': 150000, 'min_rounds': 999, 'max_rounds': 320, 'n_avg': 200, 'tau_e': 0.0, 'bias_correct': True}
================================================================================================
  two_players        q35  seed42 (si0) start=[43.36 43.36] -> polished=[45.   44.92] e*=[45.45 45.45] [127s]
  two_players        q35  seed43 (si1) start=[43. 43.] -> polished=[44.99 44.92] e*=[45.45 45.45] [133s]
  two_players        q35  seed44 (si2) start=[41.97 41.97] -> polished=[44.92 44.9 ] e*=[45.45 45.45] [124s]
  two_players        q35  seed45 (si3) start=[45.19 45.19] -> polished=[44.99 44.95] e*=[45.45 45.45] [123s]
  two_players        q35  seed46 (si4) start=[44.39 44.39] -> polished=[44.87 45.02] e*=[45.45 45.45] [127s]
  two_players        q45  seed42 (si0) start=[34.86 34.86] -> polished=[35.09 35.12] e*=[35.35 35.35] [131s]
  two_players        q45  seed43 (si1) start=[35.77 35.77] -> polished=[35.06 35.05] e*=[35.35 35.35] [121s]
  two_players        q45  seed44 (si2) start=[36.01 36.01] -> polished=[35.09 35.02] e*=[35.35 35.35] [123s]
  two_players        q45  seed45 (si3) start=[35.91 35.91] -> polished=[35.1  35.11] e*=[35.35 35.35] [122s]
  two_players        q45  seed46 (si4) start=[34.75 34.75] -> polished=[35.13 35.13] e*=[35.35 35.35] [121s]
  two_players        q55  seed42 (si0) start=[29.3 29.3] -> polished=[28.79 28.77] e*=[28.93 28.93] [124s]
  two_players        q55  seed43 (si1) start=[28.77 28.77] -> polished=[28.72 28.75] e*=[28.93 28.93] [123s]
  two_players        q55  seed44 (si2) start=[30.49 30.49] -> polished=[28.77 28.71] e*=[28.93 28.93] [127s]
  two_players        q55  seed45 (si3) start=[29.3 29.3] -> polished=[28.73 28.78] e*=[28.93 28.93] [127s]
  two_players        q55  seed46 (si4) start=[30.41 30.41] -> polished=[28.76 28.79] e*=[28.93 28.93] [125s]
  three_players      q35  seed42 (si0) start=[23.42 23.42 23.42] -> polished=[24.81 24.68 24.78] e*=[25. 25. 25.] [191s]
  three_players      q35  seed43 (si1) start=[22.75 22.75 22.75] -> polished=[24.61 24.86 24.75] e*=[25. 25. 25.] [194s]
  three_players      q35  seed44 (si2) start=[23.12 23.12 23.12] -> polished=[24.52 24.81 24.83] e*=[25. 25. 25.] [191s]
  three_players      q35  seed45 (si3) start=[22.74 22.74 22.74] -> polished=[24.73 24.73 24.84] e*=[25. 25. 25.] [188s]
  three_players      q35  seed46 (si4) start=[22.92 22.92 22.92] -> polished=[24.74 24.65 24.86] e*=[25. 25. 25.] [185s]
  three_players      q55  seed42 (si0) start=[15.07 15.07 15.07] -> polished=[15.86 15.8  15.86] e*=[15.91 15.91 15.91] [185s]
  three_players      q55  seed43 (si1) start=[16.76 16.76 16.76] -> polished=[15.79 15.86 15.84] e*=[15.91 15.91 15.91] [193s]
  three_players      q55  seed44 (si2) start=[16.18 16.18 16.18] -> polished=[15.79 15.88 15.85] e*=[15.91 15.91 15.91] [256s]
  three_players      q55  seed45 (si3) start=[14.23 14.23 14.23] -> polished=[15.81 15.83 15.87] e*=[15.91 15.91 15.91] [226s]
  three_players      q55  seed46 (si4) start=[14.28 14.28 14.28] -> polished=[15.84 15.85 15.83] e*=[15.91 15.91 15.91] [224s]
  different_cost     q35  seed42 (si0) start=[37.19 27.95] -> polished=[38.03 27.58] e*=[38.03 27.66] [137s]
  different_cost     q35  seed43 (si1) start=[37.3 25.2] -> polished=[38.07 27.7 ] e*=[38.03 27.66] [134s]
  different_cost     q35  seed44 (si2) start=[39.34 27.85] -> polished=[38.02 27.6 ] e*=[38.03 27.66] [139s]
  different_cost     q35  seed45 (si3) start=[37.99 29.08] -> polished=[38.03 27.74] e*=[38.03 27.66] [133s]
  different_cost     q35  seed46 (si4) start=[36.74 26.11] -> polished=[38.04 27.7 ] e*=[38.03 27.66] [133s]
  different_cost     q55  seed42 (si0) start=[27.02 19.72] -> polished=[26.55 19.34] e*=[26.54 19.3 ] [136s]
  different_cost     q55  seed43 (si1) start=[26.68 22.57] -> polished=[26.54 19.3 ] e*=[26.54 19.3 ] [136s]
  different_cost     q55  seed44 (si2) start=[26.85 17.95] -> polished=[26.59 19.31] e*=[26.54 19.3 ] [120s]
  different_cost     q55  seed45 (si3) start=[25.66 16.01] -> polished=[26.56 19.23] e*=[26.54 19.3 ] [114s]
  different_cost     q55  seed46 (si4) start=[25.76 18.88] -> polished=[26.58 19.3 ] e*=[26.54 19.3 ] [131s]
  different_ability  q35  seed42 (si0) start=[43.79 43.79] -> polished=[46.47 46.52] e*=[46.43 46.43] [150s]
  different_ability  q35  seed43 (si1) start=[43.9 43.9] -> polished=[46.4  46.37] e*=[46.43 46.43] [135s]
  different_ability  q35  seed44 (si2) start=[43.91 43.91] -> polished=[46.5 46.4] e*=[46.43 46.43] [114s]
  different_ability  q35  seed45 (si3) start=[44.31 44.31] -> polished=[46.44 46.48] e*=[46.43 46.43] [120s]
  different_ability  q35  seed46 (si4) start=[44.05 44.05] -> polished=[46.46 46.45] e*=[46.43 46.43] [125s]
  different_ability  q55  seed42 (si0) start=[31.18 31.18] -> polished=[30.36 30.4 ] e*=[30.37 30.37] [125s]
  different_ability  q55  seed43 (si1) start=[29.18 29.18] -> polished=[30.41 30.3 ] e*=[30.37 30.37] [124s]
  different_ability  q55  seed44 (si2) start=[29.11 29.11] -> polished=[30.37 30.38] e*=[30.37 30.37] [124s]
  different_ability  q55  seed45 (si3) start=[29.46 29.46] -> polished=[30.34 30.35] e*=[30.37 30.37] [124s]
  different_ability  q55  seed46 (si4) start=[29.59 29.59] -> polished=[30.31 30.43] e*=[30.37 30.37] [123s]

================================================================================================
CROSS-SEED MEAN CROSS-CHECK (vs results/phase0_verify_20260701_1941.log)
================================================================================================
  different_ability  q35  polished(mean)=[46.45 46.45]  e*=[46.43 46.43]  |err|=[0.02 0.02]
  different_ability  q55  polished(mean)=[30.36 30.37]  e*=[30.37 30.37]  |err|=[0.01 0.  ]
  different_cost     q35  polished(mean)=[38.04 27.66]  e*=[38.03 27.66]  |err|=[0.01 0.01]
  different_cost     q55  polished(mean)=[26.56 19.3 ]  e*=[26.54 19.3 ]  |err|=[0.02 0.  ]
  three_players      q35  polished(mean)=[24.68 24.75 24.81]  e*=[25. 25. 25.]  |err|=[0.32 0.25 0.19]
  three_players      q55  polished(mean)=[15.82 15.84 15.85]  e*=[15.91 15.91 15.91]  |err|=[0.09 0.07 0.06]
  two_players        q35  polished(mean)=[44.95 44.94]  e*=[45.45 45.45]  |err|=[0.5  0.51]
  two_players        q45  polished(mean)=[35.09 35.09]  e*=[35.35 35.35]  |err|=[0.26 0.27]
  two_players        q55  polished(mean)=[28.75 28.76]  e*=[28.93 28.93]  |err|=[0.17 0.17]

[wrote] results/one_stage_ablation/polish_per_seed_all.json  (45 rows, 6486s total)
EXIT=0
